Microchip MPLAB XC8 Compiler V2.40

Linker command line:

-W-3 \
  --edf=C:\Program Files\Microchip\xc8\v2.40\pic\dat\20220703182018_en.msgs \
  -cn -h+dist/default/production\Lab8.X.production.sym \
  --cmf=dist/default/production\Lab8.X.production.cmf -z -Q16F887 \
  -oC:\Users\Diego\AppData\Local\Temp\xcAs4o4.4 --defsym=__MPLAB_BUILD=1 \
  --fixupoverflow=error -Mdist/default/production/Lab8.X.production.map \
  --md=C:\Users\Diego\AppData\Local\Temp\xcAs4o4.dat -E1 -ver=XC8 Compiler \
  --acfsm=1493 -ACODE=00h-07FFhx4 -ASTRCODE=00h-01FFFh -ASTRING=00h-0FFhx32 \
  -ACONST=00h-0FFhx32 -AENTRY=00h-0FFhx32 -ACOMMON=070h-07Fh \
  -ABANK0=020h-06Fh -ABANK1=0A0h-0EFh -ABANK2=0110h-016Fh \
  -ABANK3=0190h-01EFh -ARAM=020h-06Fh,0A0h-0EFh,0110h-016Fh,0190h-01EFh \
  -AABS1=020h-07Fh,0A0h-0EFh,0110h-016Fh,0190h-01EFh -ASFR0=00h-01Fh \
  -ASFR1=080h-09Fh -ASFR2=0100h-010Fh -ASFR3=0180h-018Fh \
  -ACONFIG=02007h-02008h -DCONFIG=2 -AIDLOC=02000h-02003h -DIDLOC=2 \
  -AEEDATA=00h-0FFh/02100h -peeprom_data=EEDATA -DEEDATA=2 -DCODE=2 \
  -DSTRCODE=2 -DSTRING=2 -DCONST=2 -DENTRY=2 \
  -preset_vec=00h,intentry,init,end_init -ppowerup=CODE -pcinit=CODE \
  -pfunctab=ENTRY -k C:\Users\Diego\AppData\Local\Temp\xcAs4o4.o \
  dist/default/production\Lab8.X.production.o 

Object code version is 3.11

Machine type is 16F887



                Name                               Link     Load   Length Selector   Space Scale
C:\Users\Diego\AppData\Local\Temp\xcAs4o4.o
                end_init                              0        0        3        0       0
                config                             2007     2007        2        0       4
                idloc                              2000     2000        4        0       5
dist/default/production\Lab8.X.production.o
                cinit                               7FC      7FC        4      FF8       0
                config                             2007     2007        2        0       4
                idloc                              2000     2000        4        0       5
                text7                               61B      61B        A      C36       0
                text6                               631      631        E      C62       0
                text5                               674      674       66      CE8       0
                text4                               75C      75C       A0      EB8       0
                text3                               625      625        C      C4A       0
                text2                               652      652       22      CA4       0
                text1                               63F      63F       13      C7E       0
                maintext                            6DA      6DA       82      DB4       0
                cstackBANK0                          20       20        F       20       1
                cstackCOMMON                         70       70        E       70       1
                strings                               3        3       43        6       0

TOTAL           Name                               Link     Load   Length     Space
        CLASS   CODE           
                end_init                              0        0        3         0
                cinit                               7FC      7FC        4         0
                text7                               61B      61B        A         0
                text6                               631      631        E         0
                text5                               674      674       66         0
                text4                               75C      75C       A0         0
                text3                               625      625        C         0
                text2                               652      652       22         0
                text1                               63F      63F       13         0
                maintext                            6DA      6DA       82         0

        CLASS   STRCODE        

        CLASS   STRING         
                strings                               3        3       43         0

        CLASS   CONST          

        CLASS   ENTRY          

        CLASS   COMMON         
                cstackCOMMON                         70       70        E         1

        CLASS   BANK0          
                cstackBANK0                          20       20        F         1

        CLASS   BANK1          

        CLASS   BANK2          

        CLASS   BANK3          

        CLASS   RAM            

        CLASS   ABS1           
                abs_s1                               7E       7E        2         1

        CLASS   SFR0           

        CLASS   SFR1           

        CLASS   SFR2           

        CLASS   SFR3           

        CLASS   CONFIG         
                config                             2007     2007        2         4

        CLASS   IDLOC          
                idloc                              2000     2000        4         5

        CLASS   EEDATA         

        CLASS   STACK          



SEGMENTS        Name                           Load    Length   Top    Selector   Space  Class     Delta

                reset_vec                      000000  000003  000003         0       0  CODE        2
                strings                        000003  000043  000046         6       0  STRING      2
                cstackBANK0                    000020  00000F  00002F        20       1  BANK0       1
                cstackCOMMON                   000070  00000E  00007E        70       1  COMMON      1
                text7                          00061B  00000A  000625       C36       0  CODE        2
                text3                          000625  00000C  000631       C4A       0  CODE        2
                text6                          000631  00000E  00063F       C62       0  CODE        2
                text1                          00063F  000013  000652       C7E       0  CODE        2
                text2                          000652  000022  000674       CA4       0  CODE        2
                text5                          000674  000066  0006DA       CE8       0  CODE        2
                maintext                       0006DA  000082  00075C       DB4       0  CODE        2
                text4                          00075C  0000A0  0007FC       EB8       0  CODE        2
                cinit                          0007FC  000004  000800       FF8       0  CODE        2


UNUSED ADDRESS RANGES

        Name                Unused          Largest block    Delta
        BANK0            002F-006F             41           1
        BANK1            00A0-00EF             50           1
        BANK2            0110-016F             60           1
        BANK3            0190-01EF             60           1
        CODE             0046-061A            5D5           2
                         0800-1FFF            800
        CONST            0046-061A            100           2
                         0800-1FFF            100
        EEDATA           2100-21FF            100           2
        ENTRY            0046-061A            100           2
                         0800-1FFF            100
        RAM              002F-006F             41           1
                         00A0-00EF             50
                         0110-016F             60
                         0190-01EF             60
        SFR0             0000-001F             20           1
        SFR1             0080-009F             20           1
        SFR2             0100-010F             10           1
        SFR3             0180-018F             10           1
        STRCODE          0046-061A            5D5           2
                         0800-1FFF           1800
        STRING           0046-061A            100           2
                         0800-1FFF            100

                                  Symbol Table

?___lldiv                cstackCOMMON 0070
UART_Init@baud_rate      cstackBANK0  0020
UART_Init@n              cstackBANK0  0028
UART_Print@data          cstackCOMMON 0073
UART_Print@i             cstackCOMMON 0072
UART_PutC@data           cstackCOMMON 0070
_CREN                    (abs)        00C4
_OERR                    (abs)        00C1
_OSCCON                  (abs)        008F
_PIR1bits                (abs)        000C
_RCIF                    (abs)        0065
_RCREG                   (abs)        001A
_RCSTA                   (abs)        0018
_RCSTAbits               (abs)        0018
_SPBRG                   (abs)        0099
_TRMT                    (abs)        04C1
_TXREG                   (abs)        0019
_TXSTA                   (abs)        0098
_UART_Data_Ready         text7        061B
_UART_GetC               text6        0631
_UART_Init               text4        075C
_UART_Print              text2        0652
_UART_PutC               text3        0625
__Habs1                  abs1         0000
__Hbank0                 bank0        0000
__Hbank1                 bank1        0000
__Hbank2                 bank2        0000
__Hbank3                 bank3        0000
__Hcinit                 cinit        0800
__Hclrtext               clrtext      0000
__Hcode                  code         0000
__Hcommon                common       0000
__Hconfig                config       2009
__HcstackBANK0           cstackBANK0  0000
__HcstackCOMMON          cstackCOMMON 0000
__Heeprom_data           eeprom_data  0000
__Hend_init              end_init     0003
__Hfunctab               functab      0000
__Hidloc                 idloc        2004
__Hinit                  init         0000
__Hintentry              intentry     0000
__Hmaintext              maintext     0000
__Hpowerup               powerup      0000
__Hram                   ram          0000
__Hreset_vec             reset_vec    0000
__Hsfr0                  sfr0         0000
__Hsfr1                  sfr1         0000
__Hsfr2                  sfr2         0000
__Hsfr3                  sfr3         0000
__Hspace_0               (abs)        0800
__Hspace_1               (abs)        007E
__Hspace_2               (abs)        0000
__Hspace_3               (abs)        0000
__Hspace_4               (abs)        4010
__Hstack                 stack        0000
__Hstrings               strings      0000
__Htext                  text         0000
__Labs1                  abs1         0000
__Lbank0                 bank0        0000
__Lbank1                 bank1        0000
__Lbank2                 bank2        0000
__Lbank3                 bank3        0000
__Lcinit                 cinit        07FC
__Lclrtext               clrtext      0000
__Lcode                  code         0000
__Lcommon                common       0000
__Lconfig                config       0000
__LcstackBANK0           cstackBANK0  0000
__LcstackCOMMON          cstackCOMMON 0000
__Leeprom_data           eeprom_data  0000
__Lend_init              end_init     0000
__Lfunctab               functab      0000
__Lidloc                 idloc        0000
__Linit                  init         0000
__Lintentry              intentry     0000
__Lmaintext              maintext     0000
__Lpowerup               powerup      0000
__Lram                   ram          0000
__Lreset_vec             reset_vec    0000
__Lsfr0                  sfr0         0000
__Lsfr1                  sfr1         0000
__Lsfr2                  sfr2         0000
__Lsfr3                  sfr3         0000
__Lspace_0               (abs)        0000
__Lspace_1               (abs)        0000
__Lspace_2               (abs)        0000
__Lspace_3               (abs)        0000
__Lspace_4               (abs)        0000
__Lstack                 stack        0000
__Lstrings               strings      0000
__Ltext                  text         0000
__S0                     (abs)        0800
__S1                     (abs)        007E
__S3                     (abs)        0000
___int_sp                stack        0000
___latbits               (abs)        0002
___lldiv                 text5        0674
___lldiv@counter         cstackCOMMON 007D
___lldiv@dividend        cstackCOMMON 0074
___lldiv@divisor         cstackCOMMON 0070
___lldiv@quotient        cstackCOMMON 0079
___sp                    stack        0000
___stackhi               (abs)        0000
___stacklo               (abs)        0000
__end_of_UART_Data_Ready text7        0625
__end_of_UART_GetC       text6        063F
__end_of_UART_Init       text4        07FC
__end_of_UART_Print      text2        0674
__end_of_UART_PutC       text3        0631
__end_of___lldiv         text5        06DA
__end_of__initialization cinit        07FC
__end_of__stringtab      strings      0009
__end_of_main            maintext     075C
__end_of_message         strings      0030
__end_of_uart_read       text1        0652
__initialization         cinit        07FC
__pcstackBANK0           cstackBANK0  0020
__pcstackCOMMON          cstackCOMMON 0070
__pmaintext              maintext     06DA
__pstrings               strings      0003
__ptext1                 text1        063F
__ptext2                 text2        0652
__ptext3                 text3        0625
__ptext4                 text4        075C
__ptext5                 text5        0674
__ptext6                 text6        0631
__ptext7                 text7        061B
__stringbase             strings      0008
__stringtab              strings      0003
_main                    maintext     06DA
_message                 strings      0009
_uart_read               text1        063F
btemp                    (abs)        007E
end_of_initialization    cinit        07FC
intlevel0                functab      0000
intlevel1                functab      0000
intlevel2                functab      0000
intlevel3                functab      0000
intlevel4                functab      0000
intlevel5                functab      0000
main@c                   cstackBANK0  002E
main@datos               cstackBANK0  002D
reset_vec                reset_vec    0000
start                    init         0000
start_initialization     cinit        07FC
wtemp0                   (abs)        007E


MODULE INFORMATION

Module		Function		Class		Link	Load	Size
C:\Program Files\Microchip\xc8\v2.40\pic\sources\c90\common\__lldiv.c
		___lldiv       		CODE           	0674	0000	102

C:\Program Files\Microchip\xc8\v2.40\pic\sources\c90\common\__lldiv.c estimated size: 102

USARTmodl.c
		_UART_Data_Ready		CODE           	061B	0000	10
		_UART_Init     		CODE           	075C	0000	160
		_UART_GetC     		CODE           	0631	0000	14
		_UART_Print    		CODE           	0652	0000	34
		_UART_PutC     		CODE           	0625	0000	12

USARTmodl.c estimated size: 230

shared
		__stringtab    		STRING         	0003	0000	6
		__initialization		CODE           	07FC	0000	1
		_message       		STRING         	0009	0000	39

shared estimated size: 46

Prelab_8.c
		_main          		CODE           	06DA	0000	130
		_uart_read     		CODE           	063F	0000	19

Prelab_8.c estimated size: 149

